Sender: LSF System <lsfadmin@polus-c4-ib.bmc.hpc.cs.msu.ru>
Subject: Job 505057: <#BSUB -n 5;#BSUB -W 00:30;#BSUB -o my_job.%J.out;#BSUB -e my_job.%J.err;#BSUB -R "span[hosts=1]";OMP_NUM_THREADS=1 ./b.out;OMP_NUM_THREADS=2 ./b.out;OMP_NUM_THREADS=4 ./b.out;OMP_NUM_THREADS=8 ./b.out;OMP_NUM_THREADS=16 ./b.out;OMP_NUM_THREADS=32 ./b.out;OMP_NUM_THREADS=64 ./b.out;OMP_NUM_THREADS=128 ./b.out> in cluster <MSUCluster> Done

Job <#BSUB -n 5;#BSUB -W 00:30;#BSUB -o my_job.%J.out;#BSUB -e my_job.%J.err;#BSUB -R "span[hosts=1]";OMP_NUM_THREADS=1 ./b.out;OMP_NUM_THREADS=2 ./b.out;OMP_NUM_THREADS=4 ./b.out;OMP_NUM_THREADS=8 ./b.out;OMP_NUM_THREADS=16 ./b.out;OMP_NUM_THREADS=32 ./b.out;OMP_NUM_THREADS=64 ./b.out;OMP_NUM_THREADS=128 ./b.out> was submitted from host <polus-ib.bmc.hpc.cs.msu.ru> by user <edu-cmc-skpod19-328-10> in cluster <MSUCluster> at Wed Dec  4 17:20:25 2019
Job was executed on host(s) <5*polus-c4-ib.bmc.hpc.cs.msu.ru>, in queue <short>, as user <edu-cmc-skpod19-328-10> in cluster <MSUCluster> at Wed Dec  4 17:20:26 2019
</home_edu/edu-cmc-skpod19-328/edu-cmc-skpod19-328-10> was used as the home directory.
</home_edu/edu-cmc-skpod19-328/edu-cmc-skpod19-328-10/vovan/GaussOpenMp> was used as the working directory.
Started at Wed Dec  4 17:20:26 2019
Terminated at Wed Dec  4 17:20:31 2019
Results reported at Wed Dec  4 17:20:31 2019

Your job looked like:

------------------------------------------------------------
# LSBATCH: User input
#BSUB -n 5
#BSUB -W 00:30
#BSUB -o my_job.%J.out
#BSUB -e my_job.%J.err
#BSUB -R "span[hosts=1]"
OMP_NUM_THREADS=1 ./b.out
OMP_NUM_THREADS=2 ./b.out
OMP_NUM_THREADS=4 ./b.out
OMP_NUM_THREADS=8 ./b.out
OMP_NUM_THREADS=16 ./b.out
OMP_NUM_THREADS=32 ./b.out
OMP_NUM_THREADS=64 ./b.out
OMP_NUM_THREADS=128 ./b.out

------------------------------------------------------------

Successfully completed.

Resource usage summary:

    CPU time :                                   36.53 sec.
    Max Memory :                                 14 MB
    Average Memory :                             9.67 MB
    Total Requested Memory :                     -
    Delta Memory :                               -
    Max Swap :                                   -
    Max Processes :                              4
    Max Threads :                                5
    Run time :                                   9 sec.
    Turnaround time :                            6 sec.

The output (if any) follows:

GAUSS 1024x1024
----------------------------------
Time in seconds=1.55047s
X=(1, 1, 1, 1, 1, 1, 1, 1, 1, ...)
GAUSS 1024x1024
----------------------------------
Time in seconds=0.825769s
X=(1, 1, 1, 1, 1, 1, 1, 1, 1, ...)
GAUSS 1024x1024
----------------------------------
Time in seconds=0.407289s
X=(1, 1, 1, 1, 1, 1, 1, 1, 1, ...)
GAUSS 1024x1024
----------------------------------
Time in seconds=0.256996s
X=(1, 1, 1, 1, 1, 1, 1, 1, 1, ...)
GAUSS 1024x1024
----------------------------------
Time in seconds=0.209367s
X=(1, 1, 1, 1, 1, 1, 1, 1, 1, ...)
GAUSS 1024x1024
----------------------------------
Time in seconds=0.159401s
X=(1, 1, 1, 1, 1, 1, 1, 1, 1, ...)
GAUSS 1024x1024
----------------------------------
Time in seconds=0.155255s
X=(1, 1, 1, 1, 1, 1, 1, 1, 1, ...)
GAUSS 1024x1024
----------------------------------
Time in seconds=0.128739s
X=(1, 1, 1, 1, 1, 1, 1, 1, 1, ...)


PS:

Read file <my_job.505057.err> for stderr output of this job.

