Sender: LSF System <lsfadmin@polus-c4-ib.bmc.hpc.cs.msu.ru>
Subject: Job 502684: <#BSUB -n 5;#BSUB -W 00:30;#BSUB -o my_job.%J.out;#BSUB -e my_job.%J.err;#BSUB -R "span[hosts=1]";OMP_NUM_THREADS=1 ./a.out;OMP_NUM_THREADS=2 ./a.out;OMP_NUM_THREADS=4 ./a.out;OMP_NUM_THREADS=8 ./a.out;OMP_NUM_THREADS=16 ./a.out;OMP_NUM_THREADS=32 ./a.out;OMP_NUM_THREADS=64 ./a.out> in cluster <MSUCluster> Done

Job <#BSUB -n 5;#BSUB -W 00:30;#BSUB -o my_job.%J.out;#BSUB -e my_job.%J.err;#BSUB -R "span[hosts=1]";OMP_NUM_THREADS=1 ./a.out;OMP_NUM_THREADS=2 ./a.out;OMP_NUM_THREADS=4 ./a.out;OMP_NUM_THREADS=8 ./a.out;OMP_NUM_THREADS=16 ./a.out;OMP_NUM_THREADS=32 ./a.out;OMP_NUM_THREADS=64 ./a.out> was submitted from host <polus-ib.bmc.hpc.cs.msu.ru> by user <edu-cmc-skpod19-321-12> in cluster <MSUCluster> at Tue Dec  3 14:59:54 2019
Job was executed on host(s) <5*polus-c4-ib.bmc.hpc.cs.msu.ru>, in queue <short>, as user <edu-cmc-skpod19-321-12> in cluster <MSUCluster> at Tue Dec  3 14:59:55 2019
</home_edu/edu-cmc-skpod19-321/edu-cmc-skpod19-321-12> was used as the home directory.
</home_edu/edu-cmc-skpod19-321/edu-cmc-skpod19-321-12/VOVAN/GaussOpenMp> was used as the working directory.
Started at Tue Dec  3 14:59:55 2019
Terminated at Tue Dec  3 14:59:56 2019
Results reported at Tue Dec  3 14:59:56 2019

Your job looked like:

------------------------------------------------------------
# LSBATCH: User input
#BSUB -n 5
#BSUB -W 00:30
#BSUB -o my_job.%J.out
#BSUB -e my_job.%J.err
#BSUB -R "span[hosts=1]"
OMP_NUM_THREADS=1 ./a.out
OMP_NUM_THREADS=2 ./a.out
OMP_NUM_THREADS=4 ./a.out
OMP_NUM_THREADS=8 ./a.out
OMP_NUM_THREADS=16 ./a.out
OMP_NUM_THREADS=32 ./a.out
OMP_NUM_THREADS=64 ./a.out

------------------------------------------------------------

Successfully completed.

Resource usage summary:

    CPU time :                                   3.46 sec.
    Max Memory :                                 1 MB
    Average Memory :                             1.00 MB
    Total Requested Memory :                     -
    Delta Memory :                               -
    Max Swap :                                   -
    Max Processes :                              1
    Max Threads :                                1
    Run time :                                   1 sec.
    Turnaround time :                            2 sec.

The output (if any) follows:

GAUSS 500x500
----------------------------------
Time in seconds=0.181999s
X=(1, 1, 1, 1, 1, 1, 1, 1, 1, ...)
GAUSS 500x500
----------------------------------
Time in seconds=0.098851s
X=(1, 1, 1, 1, 1, 1, 1, 1, 1, ...)
GAUSS 500x500
----------------------------------
Time in seconds=0.062314s
X=(1, 1, 1, 1, 1, 1, 1, 1, 1, ...)
GAUSS 500x500
----------------------------------
Time in seconds=0.036908s
X=(1, 1, 1, 1, 1, 1, 1, 1, 1, ...)
GAUSS 500x500
----------------------------------
Time in seconds=0.025983s
X=(1, 1, 1, 1, 1, 1, 1, 1, 1, ...)
GAUSS 500x500
----------------------------------
Time in seconds=0.020072s
X=(1, 1, 1, 1, 1, 1, 1, 1, 1, ...)
GAUSS 500x500
----------------------------------
Time in seconds=0.019805s
X=(1, 1, 1, 1, 1, 1, 1, 1, 1, ...)


PS:

Read file <my_job.502684.err> for stderr output of this job.

